// Vitest Snapshot v1, https://vitest.dev/guide/snapshot.html

exports[`fixtures > tests/fixtures/basic.vue 1`] = `
"import { defineComponent } from 'vue';
import _export_sfc from '[NULL]/plugin-vue/export-helper';

"use strict";
var _sfc_main = /* @__PURE__ */ defineComponent({
  __name: "basic",
  setup(__props) {
    let value = $ref("foo");
    function onInput(e) {
      value = e.target?.value;
    }
    defineRender(() => /* @__PURE__ */ React.createElement(React.Fragment, null, /* @__PURE__ */ React.createElement(
      "input",
      {
        value,
        onInput
      }
    )));
    return () => {
    };
  }
});

var basic = /* @__PURE__ */ _export_sfc(_sfc_main, [__FILE__]);

export { basic as default };
"
`;
