// Vitest Snapshot v1, https://vitest.dev/guide/snapshot.html

exports[`fixtures > tests/fixtures/basic.tsx 1`] = `
"// basic.js
import { createVNode, Fragment } from 'vue';

var basic = () => {
  let value = $ref('foo');
  function onInput(e) {
    value = e.target?.value;
  }
  return createVNode(Fragment, null, [createVNode("input", {
    "onInput": onInput,
    "value": value
  }, null)]);
};

export { basic as default };
"
`;
